// Jest Snapshot v1, https://goo.gl/fbAQLP

exports[`Student Card Component Tests Renders a StudentCard component 1`] = `"<div class=\\"container\\">StudentAvatarStudentNameStudentProfileExpandButton<div class=\\"extendedContents\\"></div><div class=\\"tagsContainer\\"><div></div>StudentTagForm</div></div>"`;
